Usage: coder server dbcrypt

Manage database encryption.

[1mSubcommands[0m
    rotate    Rotate database encryption keys.

---
Run `coder --help` for a list of global options.
